{
  "version": "1.5.0",
  "plugins_used": [
    {
      "name": "ArtifactoryDetector"
    },
    {
      "name": "AWSKeyDetector"
    },
    {
      "name": "AzureStorageKeyDetector"
    },
    {
      "name": "Base64HighEntropyString",
      "limit": 4.5
    },
    {
      "name": "BasicAuthDetector"
    },
    {
      "name": "CloudantDetector"
    },
    {
      "name": "DiscordBotTokenDetector"
    },
    {
      "name": "GitHubTokenDetector"
    },
    {
      "name": "GitLabTokenDetector"
    },
    {
      "name": "HexHighEntropyString",
      "limit": 3.0
    },
    {
      "name": "IbmCloudIamDetector"
    },
    {
      "name": "IbmCosHmacDetector"
    },
    {
      "name": "IPPublicDetector"
    },
    {
      "name": "JwtTokenDetector"
    },
    {
      "name": "KeywordDetector",
      "keyword_exclude": ""
    },
    {
      "name": "MailchimpDetector"
    },
    {
      "name": "NpmDetector"
    },
    {
      "name": "OpenAIDetector"
    },
    {
      "name": "PrivateKeyDetector"
    },
    {
      "name": "PypiTokenDetector"
    },
    {
      "name": "SendGridDetector"
    },
    {
      "name": "SlackDetector"
    },
    {
      "name": "SoftlayerDetector"
    },
    {
      "name": "SquareOAuthDetector"
    },
    {
      "name": "StripeDetector"
    },
    {
      "name": "TelegramBotTokenDetector"
    },
    {
      "name": "TwilioKeyDetector"
    }
  ],
  "filters_used": [
    {
      "path": "detect_secrets.filters.allowlist.is_line_allowlisted"
    },
    {
      "path": "detect_secrets.filters.common.is_baseline_file",
      "filename": ".secrets.baseline"
    },
    {
      "path": "detect_secrets.filters.common.is_ignored_due_to_verification_policies",
      "min_level": 2
    },
    {
      "path": "detect_secrets.filters.heuristic.is_indirect_reference"
    },
    {
      "path": "detect_secrets.filters.heuristic.is_likely_id_string"
    },
    {
      "path": "detect_secrets.filters.heuristic.is_lock_file"
    },
    {
      "path": "detect_secrets.filters.heuristic.is_not_alphanumeric_string"
    },
    {
      "path": "detect_secrets.filters.heuristic.is_potential_uuid"
    },
    {
      "path": "detect_secrets.filters.heuristic.is_prefixed_with_dollar_sign"
    },
    {
      "path": "detect_secrets.filters.heuristic.is_sequential_string"
    },
    {
      "path": "detect_secrets.filters.heuristic.is_swagger_file"
    },
    {
      "path": "detect_secrets.filters.heuristic.is_templated_secret"
    },
    {
      "path": "detect_secrets.filters.regex.should_exclude_file",
      "pattern": [
        "package-lock\\.json|\\.env\\.example"
      ]
    }
  ],
  "results": {
    "PROJECT_PLAN.md": [
      {
        "type": "Secret Keyword",
        "filename": "PROJECT_PLAN.md",
        "hashed_secret": "1d3b1295c282649864a65fe3bd1631bcf7499ef5",
        "is_verified": false,
        "line_number": 125
      }
    ],
    "config/public_apis.json": [
      {
        "type": "Secret Keyword",
        "filename": "config/public_apis.json",
        "hashed_secret": "830f27b2f32b29c87c9db2ed75341bcdab6f719e",
        "is_verified": false,
        "line_number": 13
      },
      {
        "type": "Secret Keyword",
        "filename": "config/public_apis.json",
        "hashed_secret": "46125dd7214670fbb5f5c6b57126ae3440d207f4",
        "is_verified": false,
        "line_number": 218
      },
      {
        "type": "Secret Keyword",
        "filename": "config/public_apis.json",
        "hashed_secret": "41dbe0a0d71248b123de33a9faa472809514c464",
        "is_verified": false,
        "line_number": 227
      }
    ],
    "docs/guides/plan-template.md": [
      {
        "type": "Secret Keyword",
        "filename": "docs/guides/plan-template.md",
        "hashed_secret": "9d4e1e23bd5b727046a9e3b4b7db57bd8d6ee684",
        "is_verified": false,
        "line_number": 519
      }
    ],
    "src/monitoring/logger.py": [
      {
        "type": "Secret Keyword",
        "filename": "src/monitoring/logger.py",
        "hashed_secret": "b60d121b438a380c343d5ec3c2037564b82ffef3",
        "is_verified": false,
        "line_number": 35
      }
    ],
    "src/tools/data_integrity_checker.py": [
      {
        "type": "Base64 High Entropy String",
        "filename": "src/tools/data_integrity_checker.py",
        "hashed_secret": "453a511a5e50796ffbaa369418181fc9121daa61",
        "is_verified": false,
        "line_number": 32
      }
    ],
    "tests/unit/ontology/test_owl_reasoner.py": [
      {
        "type": "Hex High Entropy String",
        "filename": "tests/unit/ontology/test_owl_reasoner.py",
        "hashed_secret": "e6037dd15fa2a5a14b3f122aef9044ea8bbfe630",
        "is_verified": false,
        "line_number": 45
      }
    ],
    "tests/unit/tools/test_public_data_collector.py": [
      {
        "type": "Secret Keyword",
        "filename": "tests/unit/tools/test_public_data_collector.py",
        "hashed_secret": "767ef7376d44bb6e52b390ddcd12c1cb1b3902a4",
        "is_verified": false,
        "line_number": 107
      }
    ]
  },
  "generated_at": "2026-02-14T18:38:49Z"
}
